// Jest Snapshot v1, https://goo.gl/fbAQLP

exports[`App renders correctly 1`] = `
<nav
  aria-label="main navigation"
  className="navbar is-dark"
  role="navigation"
>
  <div
    className="navbar-brand"
  >
    <a
      className="navbar-item"
      href="/home"
      onClick={[Function]}
    >
      <h1
        className="title"
        style={
          Object {
            "color": "inherit",
          }
        }
      >
        Hybrides
      </h1>
    </a>
    <div
      aria-expanded="false"
      aria-label="menu"
      className="navbar-burger"
      data-target="mainnav"
      onClick={[Function]}
      role="button"
      style={
        Object {
          "outline": "none",
        }
      }
      tabIndex="0"
    >
      <span />
      <span />
      <span />
    </div>
  </div>
  <div
    className="navbar-menu"
    id="mainnav"
  >
    <div
      className="navbar-start"
    >
      <a
        className="navbar-item"
        href="/grids"
        onClick={[Function]}
      >
        Les Grilles
      </a>
      <a
        className="navbar-item"
        href="/hybrids"
        onClick={[Function]}
      >
        Les Images
      </a>
    </div>
  </div>
</nav>
`;
