// Jest Snapshot v1, https://goo.gl/fbAQLP

exports[`GridDisplay renders correctly 1`] = `
<Fragment>
  <Notification
    className="is-light"
    color="primary"
    renderAs="div"
  >
    <Level
      mobile={false}
      renderAs="div"
    >
      <LevelSide
        align="left"
        renderAs="div"
      >
        <LevelItem
          renderAs="div"
        >
          <Label>
            Filter par auteurice :
          </Label>
        </LevelItem>
        <LevelItem
          renderAs="div"
        >
          <Select
            disabled={false}
            loading={false}
            multiple={false}
            onChange={[Function]}
            readOnly={false}
            value=""
          >
            <option />
            <option
              key="u1"
              value="u1"
            >
              Mag
            </option>
            <option
              key="u2"
              value="u2"
            >
              Matt
            </option>
          </Select>
        </LevelItem>
      </LevelSide>
      <LevelSide
        align="left"
        renderAs="div"
      >
        <LevelItem
          renderAs="div"
        >
          <Button
            color="primary"
            disabled={false}
            fullwidth={false}
            inverted={false}
            isSelected={false}
            isStatic={false}
            loading={false}
            onClick={[Function]}
            outlined={false}
            remove={false}
            renderAs="button"
            reset={false}
            rounded={false}
            submit={false}
            text={false}
          >
            Remplir automatiquement
          </Button>
        </LevelItem>
      </LevelSide>
    </Level>
  </Notification>
  <Table
    bordered={false}
    size="fullwidth"
    striped={true}
  >
    <thead>
      <tr>
        <th />
        <th />
        <th />
        <th />
        <th />
        <th />
        <th />
      </tr>
    </thead>
    <tbody>
      <tr>
        <th />
        <Memo(GridCellContainer)
          col="T7"
          filter={Object {}}
          grid="G1"
          line="T1"
        />
        <Memo(GridCellContainer)
          col="T8"
          filter={Object {}}
          grid="G1"
          line="T1"
        />
        <Memo(GridCellContainer)
          col="T9"
          filter={Object {}}
          grid="G1"
          line="T1"
        />
        <Memo(GridCellContainer)
          col="T10"
          filter={Object {}}
          grid="G1"
          line="T1"
        />
        <Memo(GridCellContainer)
          col="T11"
          filter={Object {}}
          grid="G1"
          line="T1"
        />
        <Memo(GridCellContainer)
          col="T12"
          filter={Object {}}
          grid="G1"
          line="T1"
        />
      </tr>
      <tr>
        <th />
        <Memo(GridCellContainer)
          col="T7"
          filter={Object {}}
          grid="G1"
          line="T2"
        />
        <Memo(GridCellContainer)
          col="T8"
          filter={Object {}}
          grid="G1"
          line="T2"
        />
        <Memo(GridCellContainer)
          col="T9"
          filter={Object {}}
          grid="G1"
          line="T2"
        />
        <Memo(GridCellContainer)
          col="T10"
          filter={Object {}}
          grid="G1"
          line="T2"
        />
        <Memo(GridCellContainer)
          col="T11"
          filter={Object {}}
          grid="G1"
          line="T2"
        />
        <Memo(GridCellContainer)
          col="T12"
          filter={Object {}}
          grid="G1"
          line="T2"
        />
      </tr>
      <tr>
        <th />
        <Memo(GridCellContainer)
          col="T7"
          filter={Object {}}
          grid="G1"
          line="T3"
        />
        <Memo(GridCellContainer)
          col="T8"
          filter={Object {}}
          grid="G1"
          line="T3"
        />
        <Memo(GridCellContainer)
          col="T9"
          filter={Object {}}
          grid="G1"
          line="T3"
        />
        <Memo(GridCellContainer)
          col="T10"
          filter={Object {}}
          grid="G1"
          line="T3"
        />
        <Memo(GridCellContainer)
          col="T11"
          filter={Object {}}
          grid="G1"
          line="T3"
        />
        <Memo(GridCellContainer)
          col="T12"
          filter={Object {}}
          grid="G1"
          line="T3"
        />
      </tr>
      <tr>
        <th />
        <Memo(GridCellContainer)
          col="T7"
          filter={Object {}}
          grid="G1"
          line="T4"
        />
        <Memo(GridCellContainer)
          col="T8"
          filter={Object {}}
          grid="G1"
          line="T4"
        />
        <Memo(GridCellContainer)
          col="T9"
          filter={Object {}}
          grid="G1"
          line="T4"
        />
        <Memo(GridCellContainer)
          col="T10"
          filter={Object {}}
          grid="G1"
          line="T4"
        />
        <Memo(GridCellContainer)
          col="T11"
          filter={Object {}}
          grid="G1"
          line="T4"
        />
        <Memo(GridCellContainer)
          col="T12"
          filter={Object {}}
          grid="G1"
          line="T4"
        />
      </tr>
      <tr>
        <th />
        <Memo(GridCellContainer)
          col="T7"
          filter={Object {}}
          grid="G1"
          line="T5"
        />
        <Memo(GridCellContainer)
          col="T8"
          filter={Object {}}
          grid="G1"
          line="T5"
        />
        <Memo(GridCellContainer)
          col="T9"
          filter={Object {}}
          grid="G1"
          line="T5"
        />
        <Memo(GridCellContainer)
          col="T10"
          filter={Object {}}
          grid="G1"
          line="T5"
        />
        <Memo(GridCellContainer)
          col="T11"
          filter={Object {}}
          grid="G1"
          line="T5"
        />
        <Memo(GridCellContainer)
          col="T12"
          filter={Object {}}
          grid="G1"
          line="T5"
        />
      </tr>
      <tr>
        <th />
        <Memo(GridCellContainer)
          col="T7"
          filter={Object {}}
          grid="G1"
          line="T6"
        />
        <Memo(GridCellContainer)
          col="T8"
          filter={Object {}}
          grid="G1"
          line="T6"
        />
        <Memo(GridCellContainer)
          col="T9"
          filter={Object {}}
          grid="G1"
          line="T6"
        />
        <Memo(GridCellContainer)
          col="T10"
          filter={Object {}}
          grid="G1"
          line="T6"
        />
        <Memo(GridCellContainer)
          col="T11"
          filter={Object {}}
          grid="G1"
          line="T6"
        />
        <Memo(GridCellContainer)
          col="T12"
          filter={Object {}}
          grid="G1"
          line="T6"
        />
      </tr>
    </tbody>
  </Table>
</Fragment>
`;
