// Jest Snapshot v1, https://goo.gl/fbAQLP

exports[`GridPreview renders correctly 1`] = `
<div
  style={
    Object {
      "position": "relative",
    }
  }
>
  <div
    className="card"
  >
    <div
      className="card-header"
    >
      <div
        className="card-header-title"
      >
        La grille de Mag
      </div>
      <div
        className="level has-text-right"
      >
        <div
          className="level-left"
        >
          <div
            className="level-item"
          >
            <a
              href="/grid/G1"
              onClick={[Function]}
            >
              <button
                className="is-white button"
                data-tooltip="Voir la grille"
                disabled={false}
                onClick={[Function]}
                tabIndex={0}
              >
                <span
                  alt="Voir la grille"
                  className="icon fa fa-eye"
                >
                  <i
                    className="rbc"
                  />
                </span>
              </button>
            </a>
          </div>
          <div
            className="level-item"
          />
        </div>
      </div>
    </div>
    <div
      className="card-content"
    >
      <div>
        <span
          style={
            Object {
              "fontWeight": "bold",
            }
          }
        >
          Participants : 
        </span>
        <span
          className="tag is-warning"
        >
          Mag
        </span>
        <span
          className="tag is-warning"
        >
          Matt
        </span>
      </div>
      <div>
        <span
          style={
            Object {
              "fontWeight": "bold",
            }
          }
        >
          Thèmes : 
        </span>
        <div>
          <span
            className="tag is-info"
          />
          <span
            className="tag is-info"
          />
          <span
            className="tag is-info"
          />
          <span
            className="tag is-info"
          />
          <span
            className="tag is-info"
          />
          <span
            className="tag is-info"
          />
        </div>
        <div>
          <span
            className="tag is-light is-info"
          />
          <span
            className="tag is-light is-info"
          />
          <span
            className="tag is-light is-info"
          />
          <span
            className="tag is-light is-info"
          />
          <span
            className="tag is-light is-info"
          />
          <span
            className="tag is-light is-info"
          />
        </div>
      </div>
    </div>
  </div>
</div>
`;
