// Jest Snapshot v1, https://goo.gl/fbAQLP

exports[`GridDisplay renders correctly 1`] = `
<Fragment>
  <Table
    bordered={false}
    size="fullwidth"
    striped={true}
  >
    <thead>
      <tr>
        <th />
        <th />
        <th />
        <th />
        <th />
        <th />
        <th />
      </tr>
    </thead>
    <tbody>
      <tr>
        <th />
        <Memo(HybridCellContainer)
          col="T7"
          edit={true}
          grid="G1"
          line="T1"
        />
        <Memo(HybridCellContainer)
          col="T8"
          edit={true}
          grid="G1"
          line="T1"
        />
        <Memo(HybridCellContainer)
          col="T9"
          edit={true}
          grid="G1"
          line="T1"
        />
        <Memo(HybridCellContainer)
          col="T10"
          edit={true}
          grid="G1"
          line="T1"
        />
        <Memo(HybridCellContainer)
          col="T11"
          edit={true}
          grid="G1"
          line="T1"
        />
        <Memo(HybridCellContainer)
          col="T12"
          edit={true}
          grid="G1"
          line="T1"
        />
      </tr>
      <tr>
        <th />
        <Memo(HybridCellContainer)
          col="T7"
          edit={true}
          grid="G1"
          line="T2"
        />
        <Memo(HybridCellContainer)
          col="T8"
          edit={true}
          grid="G1"
          line="T2"
        />
        <Memo(HybridCellContainer)
          col="T9"
          edit={true}
          grid="G1"
          line="T2"
        />
        <Memo(HybridCellContainer)
          col="T10"
          edit={true}
          grid="G1"
          line="T2"
        />
        <Memo(HybridCellContainer)
          col="T11"
          edit={true}
          grid="G1"
          line="T2"
        />
        <Memo(HybridCellContainer)
          col="T12"
          edit={true}
          grid="G1"
          line="T2"
        />
      </tr>
      <tr>
        <th />
        <Memo(HybridCellContainer)
          col="T7"
          edit={true}
          grid="G1"
          line="T3"
        />
        <Memo(HybridCellContainer)
          col="T8"
          edit={true}
          grid="G1"
          line="T3"
        />
        <Memo(HybridCellContainer)
          col="T9"
          edit={true}
          grid="G1"
          line="T3"
        />
        <Memo(HybridCellContainer)
          col="T10"
          edit={true}
          grid="G1"
          line="T3"
        />
        <Memo(HybridCellContainer)
          col="T11"
          edit={true}
          grid="G1"
          line="T3"
        />
        <Memo(HybridCellContainer)
          col="T12"
          edit={true}
          grid="G1"
          line="T3"
        />
      </tr>
      <tr>
        <th />
        <Memo(HybridCellContainer)
          col="T7"
          edit={true}
          grid="G1"
          line="T4"
        />
        <Memo(HybridCellContainer)
          col="T8"
          edit={true}
          grid="G1"
          line="T4"
        />
        <Memo(HybridCellContainer)
          col="T9"
          edit={true}
          grid="G1"
          line="T4"
        />
        <Memo(HybridCellContainer)
          col="T10"
          edit={true}
          grid="G1"
          line="T4"
        />
        <Memo(HybridCellContainer)
          col="T11"
          edit={true}
          grid="G1"
          line="T4"
        />
        <Memo(HybridCellContainer)
          col="T12"
          edit={true}
          grid="G1"
          line="T4"
        />
      </tr>
      <tr>
        <th />
        <Memo(HybridCellContainer)
          col="T7"
          edit={true}
          grid="G1"
          line="T5"
        />
        <Memo(HybridCellContainer)
          col="T8"
          edit={true}
          grid="G1"
          line="T5"
        />
        <Memo(HybridCellContainer)
          col="T9"
          edit={true}
          grid="G1"
          line="T5"
        />
        <Memo(HybridCellContainer)
          col="T10"
          edit={true}
          grid="G1"
          line="T5"
        />
        <Memo(HybridCellContainer)
          col="T11"
          edit={true}
          grid="G1"
          line="T5"
        />
        <Memo(HybridCellContainer)
          col="T12"
          edit={true}
          grid="G1"
          line="T5"
        />
      </tr>
      <tr>
        <th />
        <Memo(HybridCellContainer)
          col="T7"
          edit={true}
          grid="G1"
          line="T6"
        />
        <Memo(HybridCellContainer)
          col="T8"
          edit={true}
          grid="G1"
          line="T6"
        />
        <Memo(HybridCellContainer)
          col="T9"
          edit={true}
          grid="G1"
          line="T6"
        />
        <Memo(HybridCellContainer)
          col="T10"
          edit={true}
          grid="G1"
          line="T6"
        />
        <Memo(HybridCellContainer)
          col="T11"
          edit={true}
          grid="G1"
          line="T6"
        />
        <Memo(HybridCellContainer)
          col="T12"
          edit={true}
          grid="G1"
          line="T6"
        />
      </tr>
    </tbody>
  </Table>
</Fragment>
`;
