// Jest Snapshot v1, https://goo.gl/fbAQLP

exports[`GridDisplay renders correctly 1`] = `
<Fragment>
  <Notification
    className="is-light"
    color="primary"
    renderAs="div"
  >
    <Level
      mobile={false}
      renderAs="div"
    >
      <LevelSide
        align="left"
        renderAs="div"
      >
        <LevelItem
          renderAs="div"
        >
          <Label>
            Filter par auteurice :
          </Label>
        </LevelItem>
        <LevelItem
          renderAs="div"
        >
          <Select
            disabled={false}
            loading={false}
            multiple={false}
            onChange={[Function]}
            readOnly={false}
            value=""
          >
            <option />
            <option
              key="u1"
              value="u1"
            >
              Mag
            </option>
            <option
              key="u2"
              value="u2"
            >
              Matt
            </option>
          </Select>
        </LevelItem>
      </LevelSide>
      <LevelSide
        align="left"
        renderAs="div"
      >
        <LevelItem
          renderAs="div"
        >
          <Button
            color="primary"
            disabled={false}
            fullwidth={false}
            inverted={false}
            isSelected={false}
            isStatic={false}
            loading={false}
            onClick={[Function]}
            outlined={false}
            remove={false}
            renderAs="button"
            reset={false}
            rounded={false}
            submit={false}
            text={false}
          >
            Remplir automatiquement
          </Button>
        </LevelItem>
      </LevelSide>
    </Level>
  </Notification>
  <Table
    bordered={false}
    size="fullwidth"
    striped={true}
  >
    <thead>
      <tr>
        <th />
        <th
          key="T7"
        />
        <th
          key="T8"
        />
        <th
          key="T9"
        />
        <th
          key="T10"
        />
        <th
          key="T11"
        />
        <th
          key="T12"
        />
      </tr>
    </thead>
    <tbody>
      <tr
        key="T1"
      >
        <th />
        <Memo(GridCellContainer)
          col={
            Object {
              "id": "T7",
            }
          }
          filter={Object {}}
          grid="G1"
          key="T7"
          line={
            Object {
              "id": "T1",
            }
          }
        />
        <Memo(GridCellContainer)
          col={
            Object {
              "id": "T8",
            }
          }
          filter={Object {}}
          grid="G1"
          key="T8"
          line={
            Object {
              "id": "T1",
            }
          }
        />
        <Memo(GridCellContainer)
          col={
            Object {
              "id": "T9",
            }
          }
          filter={Object {}}
          grid="G1"
          key="T9"
          line={
            Object {
              "id": "T1",
            }
          }
        />
        <Memo(GridCellContainer)
          col={
            Object {
              "id": "T10",
            }
          }
          filter={Object {}}
          grid="G1"
          key="T10"
          line={
            Object {
              "id": "T1",
            }
          }
        />
        <Memo(GridCellContainer)
          col={
            Object {
              "id": "T11",
            }
          }
          filter={Object {}}
          grid="G1"
          key="T11"
          line={
            Object {
              "id": "T1",
            }
          }
        />
        <Memo(GridCellContainer)
          col={
            Object {
              "id": "T12",
            }
          }
          filter={Object {}}
          grid="G1"
          key="T12"
          line={
            Object {
              "id": "T1",
            }
          }
        />
      </tr>
      <tr
        key="T2"
      >
        <th />
        <Memo(GridCellContainer)
          col={
            Object {
              "id": "T7",
            }
          }
          filter={Object {}}
          grid="G1"
          key="T7"
          line={
            Object {
              "id": "T2",
            }
          }
        />
        <Memo(GridCellContainer)
          col={
            Object {
              "id": "T8",
            }
          }
          filter={Object {}}
          grid="G1"
          key="T8"
          line={
            Object {
              "id": "T2",
            }
          }
        />
        <Memo(GridCellContainer)
          col={
            Object {
              "id": "T9",
            }
          }
          filter={Object {}}
          grid="G1"
          key="T9"
          line={
            Object {
              "id": "T2",
            }
          }
        />
        <Memo(GridCellContainer)
          col={
            Object {
              "id": "T10",
            }
          }
          filter={Object {}}
          grid="G1"
          key="T10"
          line={
            Object {
              "id": "T2",
            }
          }
        />
        <Memo(GridCellContainer)
          col={
            Object {
              "id": "T11",
            }
          }
          filter={Object {}}
          grid="G1"
          key="T11"
          line={
            Object {
              "id": "T2",
            }
          }
        />
        <Memo(GridCellContainer)
          col={
            Object {
              "id": "T12",
            }
          }
          filter={Object {}}
          grid="G1"
          key="T12"
          line={
            Object {
              "id": "T2",
            }
          }
        />
      </tr>
      <tr
        key="T3"
      >
        <th />
        <Memo(GridCellContainer)
          col={
            Object {
              "id": "T7",
            }
          }
          filter={Object {}}
          grid="G1"
          key="T7"
          line={
            Object {
              "id": "T3",
            }
          }
        />
        <Memo(GridCellContainer)
          col={
            Object {
              "id": "T8",
            }
          }
          filter={Object {}}
          grid="G1"
          key="T8"
          line={
            Object {
              "id": "T3",
            }
          }
        />
        <Memo(GridCellContainer)
          col={
            Object {
              "id": "T9",
            }
          }
          filter={Object {}}
          grid="G1"
          key="T9"
          line={
            Object {
              "id": "T3",
            }
          }
        />
        <Memo(GridCellContainer)
          col={
            Object {
              "id": "T10",
            }
          }
          filter={Object {}}
          grid="G1"
          key="T10"
          line={
            Object {
              "id": "T3",
            }
          }
        />
        <Memo(GridCellContainer)
          col={
            Object {
              "id": "T11",
            }
          }
          filter={Object {}}
          grid="G1"
          key="T11"
          line={
            Object {
              "id": "T3",
            }
          }
        />
        <Memo(GridCellContainer)
          col={
            Object {
              "id": "T12",
            }
          }
          filter={Object {}}
          grid="G1"
          key="T12"
          line={
            Object {
              "id": "T3",
            }
          }
        />
      </tr>
      <tr
        key="T4"
      >
        <th />
        <Memo(GridCellContainer)
          col={
            Object {
              "id": "T7",
            }
          }
          filter={Object {}}
          grid="G1"
          key="T7"
          line={
            Object {
              "id": "T4",
            }
          }
        />
        <Memo(GridCellContainer)
          col={
            Object {
              "id": "T8",
            }
          }
          filter={Object {}}
          grid="G1"
          key="T8"
          line={
            Object {
              "id": "T4",
            }
          }
        />
        <Memo(GridCellContainer)
          col={
            Object {
              "id": "T9",
            }
          }
          filter={Object {}}
          grid="G1"
          key="T9"
          line={
            Object {
              "id": "T4",
            }
          }
        />
        <Memo(GridCellContainer)
          col={
            Object {
              "id": "T10",
            }
          }
          filter={Object {}}
          grid="G1"
          key="T10"
          line={
            Object {
              "id": "T4",
            }
          }
        />
        <Memo(GridCellContainer)
          col={
            Object {
              "id": "T11",
            }
          }
          filter={Object {}}
          grid="G1"
          key="T11"
          line={
            Object {
              "id": "T4",
            }
          }
        />
        <Memo(GridCellContainer)
          col={
            Object {
              "id": "T12",
            }
          }
          filter={Object {}}
          grid="G1"
          key="T12"
          line={
            Object {
              "id": "T4",
            }
          }
        />
      </tr>
      <tr
        key="T5"
      >
        <th />
        <Memo(GridCellContainer)
          col={
            Object {
              "id": "T7",
            }
          }
          filter={Object {}}
          grid="G1"
          key="T7"
          line={
            Object {
              "id": "T5",
            }
          }
        />
        <Memo(GridCellContainer)
          col={
            Object {
              "id": "T8",
            }
          }
          filter={Object {}}
          grid="G1"
          key="T8"
          line={
            Object {
              "id": "T5",
            }
          }
        />
        <Memo(GridCellContainer)
          col={
            Object {
              "id": "T9",
            }
          }
          filter={Object {}}
          grid="G1"
          key="T9"
          line={
            Object {
              "id": "T5",
            }
          }
        />
        <Memo(GridCellContainer)
          col={
            Object {
              "id": "T10",
            }
          }
          filter={Object {}}
          grid="G1"
          key="T10"
          line={
            Object {
              "id": "T5",
            }
          }
        />
        <Memo(GridCellContainer)
          col={
            Object {
              "id": "T11",
            }
          }
          filter={Object {}}
          grid="G1"
          key="T11"
          line={
            Object {
              "id": "T5",
            }
          }
        />
        <Memo(GridCellContainer)
          col={
            Object {
              "id": "T12",
            }
          }
          filter={Object {}}
          grid="G1"
          key="T12"
          line={
            Object {
              "id": "T5",
            }
          }
        />
      </tr>
      <tr
        key="T6"
      >
        <th />
        <Memo(GridCellContainer)
          col={
            Object {
              "id": "T7",
            }
          }
          filter={Object {}}
          grid="G1"
          key="T7"
          line={
            Object {
              "id": "T6",
            }
          }
        />
        <Memo(GridCellContainer)
          col={
            Object {
              "id": "T8",
            }
          }
          filter={Object {}}
          grid="G1"
          key="T8"
          line={
            Object {
              "id": "T6",
            }
          }
        />
        <Memo(GridCellContainer)
          col={
            Object {
              "id": "T9",
            }
          }
          filter={Object {}}
          grid="G1"
          key="T9"
          line={
            Object {
              "id": "T6",
            }
          }
        />
        <Memo(GridCellContainer)
          col={
            Object {
              "id": "T10",
            }
          }
          filter={Object {}}
          grid="G1"
          key="T10"
          line={
            Object {
              "id": "T6",
            }
          }
        />
        <Memo(GridCellContainer)
          col={
            Object {
              "id": "T11",
            }
          }
          filter={Object {}}
          grid="G1"
          key="T11"
          line={
            Object {
              "id": "T6",
            }
          }
        />
        <Memo(GridCellContainer)
          col={
            Object {
              "id": "T12",
            }
          }
          filter={Object {}}
          grid="G1"
          key="T12"
          line={
            Object {
              "id": "T6",
            }
          }
        />
      </tr>
    </tbody>
  </Table>
</Fragment>
`;
