// Jest Snapshot v1, https://goo.gl/fbAQLP

exports[`GridsDisplay renders correctly 1`] = `
<ElementsDisplay
  ChildComponent={
    Object {
      "$$typeof": Symbol(react.memo),
      "compare": null,
      "type": [Function],
    }
  }
  elements={
    Array [
      Object {
        "id": "G1",
      },
      Object {
        "id": "G2",
      },
    ]
  }
  getChildProps={[Function]}
  hideSlider={true}
/>
`;
