// Jest Snapshot v1, https://goo.gl/fbAQLP

exports[`GridPreview renders correctly 1`] = `
<a
  href="/grid/G1"
  onClick={[Function]}
>
  <div
    className="box"
  >
    <h1
      className="title is-4"
    >
      La grille de Mag
    </h1>
    <article
      className="media"
    >
      <div
        className="content"
      >
        <figure
          className="image is-square is-96x96"
        >
          <img
            src="./Images/20200411_112906.jpg"
          />
        </figure>
      </div>
      <div
        className="content"
      >
        <div>
          <span
            className="tag is-info"
          />
          <span
            className="tag is-info"
          />
          <span
            className="tag is-info"
          />
          <span
            className="tag is-info"
          />
          <span
            className="tag is-info"
          />
          <span
            className="tag is-info"
          />
        </div>
        <div>
          <span
            className="tag is-light is-info"
          />
          <span
            className="tag is-light is-info"
          />
          <span
            className="tag is-light is-info"
          />
          <span
            className="tag is-light is-info"
          />
          <span
            className="tag is-light is-info"
          />
          <span
            className="tag is-light is-info"
          />
        </div>
      </div>
    </article>
  </div>
</a>
`;
