// Jest Snapshot v1, https://goo.gl/fbAQLP

exports[`HybridDetails renders correctly 1`] = `
<div
  className="tile is-ancestor"
>
  <div
    className="tile is-parent"
  >
    <div
      className="tile is-parent is-4"
    >
      <div
        className="tile is-child"
      >
        <figure
          className="image"
        >
          <img
            alt="Image Spaghetti/Cataclysme"
            className=""
            onError={[Function]}
            src="./Images/20200409_174234.jpg"
          />
        </figure>
      </div>
    </div>
    <div
      className="tile is-child"
      style={
        Object {
          "padding": "10px",
        }
      }
    >
      <div
        className="field"
      >
        <div
          className="control"
        >
          <input
            className="input"
            disabled={true}
            onChange={[Function]}
            placeholder="Nom de l'image"
            readOnly={false}
            type="text"
            value="Spaghetti/Cataclysme"
          />
        </div>
      </div>
      <div
        className="field"
      >
        <label
          className="label"
        >
          Auteurice
        </label>
        <div
          className="control"
        >
          <input
            className="input"
            disabled={true}
            placeholder=""
            readOnly={false}
            type="text"
            value=""
          />
        </div>
      </div>
      <div
        className="field"
      >
        <label
          className="label"
        >
          Grille
        </label>
        <div
          className="control"
        >
          <div
            className="select is-rounded"
          >
            <select
              disabled={true}
              multiple={false}
              onChange={[Function]}
              readOnly={false}
              value="G1"
            >
              <option>
                ...
              </option>
              <option
                value="G1"
              >
                La grille de Mag
              </option>
              <option
                value="G2"
              >
                La grille de Matt
              </option>
            </select>
          </div>
        </div>
      </div>
      <div
        className="field"
      >
        <div
          className="control"
        >
          <label
            className="label"
          >
            Tags
          </label>
          <span>
            <span
              className="tag is-info"
              style={
                Object {
                  "margin": "5px",
                }
              }
            >
              Sucette
            </span>
            <span
              className="tag is-info"
              style={
                Object {
                  "margin": "5px",
                }
              }
            >
              Arc-en-ciel
            </span>
          </span>
        </div>
      </div>
    </div>
  </div>
</div>
`;
