// Jest Snapshot v1, https://goo.gl/fbAQLP

exports[`HybridCell renders correctly 1`] = `
<Router
  history={
    Object {
      "action": "POP",
      "block": [Function],
      "createHref": [Function],
      "go": [Function],
      "goBack": [Function],
      "goForward": [Function],
      "listen": [Function],
      "location": Object {
        "hash": "",
        "pathname": "/",
        "search": "",
        "state": undefined,
      },
      "push": [Function],
      "replace": [Function],
    }
  }
  staticContext={Object {}}
>
  <HybridCell
    col={
      Object {
        "id": "T2",
        "name": "T2",
      }
    }
    edit={false}
    grid="G1"
    line={
      Object {
        "id": "T1",
        "name": "T1",
      }
    }
  />
  <HybridCell
    col={
      Object {
        "id": "T2",
        "name": "T2",
      }
    }
    edit={true}
    grid="G1"
    line={
      Object {
        "id": "T1",
        "name": "T1",
      }
    }
  />
  <HybridCell
    col={
      Object {
        "id": "T2",
        "name": "T2",
      }
    }
    edit={false}
    grid="G1"
    hybrid={
      Object {
        "grid": "G1",
        "id": "H1",
        "name": "Spaghetti/Cataclysme",
        "tags": Array [
          Object {
            "id": "T1",
            "name": "T1",
          },
          Object {
            "id": "T2",
            "name": "T2",
          },
        ],
        "url": "./Images/20200409_174234.jpg",
        "user": "U1",
      }
    }
    line={
      Object {
        "id": "T1",
        "name": "T1",
      }
    }
  />
  <HybridCell
    col={
      Object {
        "id": "T2",
        "name": "T2",
      }
    }
    edit={true}
    grid="G1"
    hybrid={
      Object {
        "grid": "G1",
        "id": "H1",
        "name": "Spaghetti/Cataclysme",
        "tags": Array [
          Object {
            "id": "T1",
            "name": "T1",
          },
          Object {
            "id": "T2",
            "name": "T2",
          },
        ],
        "url": "./Images/20200409_174234.jpg",
        "user": "U1",
      }
    }
    line={
      Object {
        "id": "T1",
        "name": "T1",
      }
    }
  />
</Router>
`;
